---
source: crates/htmlarc-dom/src/html/tests/mod.rs
expression: print_elements(selected)
input_file: crates/htmlarc-dom/src/html/tests/html/aerodynamik.html
---
label#mw-mf-main-menu-button.mw-ui-icon.mw-ui-icon-element.mw-ui-icon-wikimedia-menu-base20.mw-ui-icon-flush-left.toggle-list__toggle
a.mw-ui-icon.mw-ui-icon-before.mw-ui-icon-minerva-home
a.mw-ui-icon.mw-ui-icon-before.mw-ui-icon-minerva-die
a.menu__item--login.mw-ui-icon.mw-ui-icon-before.mw-ui-icon-minerva-logIn
a.menu__item--settings.mw-ui-icon.mw-ui-icon-before.mw-ui-icon-minerva-settings
a.mw-ui-icon.mw-ui-icon-before.mw-ui-icon-minerva-heart
input#searchInput.search.mw-ui-background-icon-search.skin-minerva-search-trigger
button#searchIcon.mw-ui-icon.mw-ui-icon-element.mw-ui-icon-wikimedia-search-base20.skin-minerva-search-trigger
a.mw-ui-icon.mw-ui-icon-element.mw-ui-icon-wikimedia-language-base20.mw-ui-icon-with-label-desktop.language-selector
a#ca-watch.mw-ui-icon.mw-ui-icon-element.mw-ui-icon-wikimedia-star-base20.mw-ui-icon-with-label-desktop.watch-this-article.mw-watchlink.menu__item--page-actions-watch
a#ca-edit.edit-page.menu__item--page-actions-edit.mw-ui-icon.mw-ui-icon-element.mw-ui-icon-wikimedia-edit-base20.mw-ui-icon-with-label-desktop
div.mw-ui-icon.mw-ui-icon-element.indicator.mw-ui-icon-small.mw-ui-icon-flush-left
a.mw-ui-icon.mw-ui-icon-element.mw-ui-icon-wikimedia-edit-base20.edit-page.mw-ui-icon-flush-right
a.mw-ui-icon.mw-ui-icon-element.mw-ui-icon-wikimedia-edit-base20.edit-page.mw-ui-icon-flush-right
a.mw-ui-icon.mw-ui-icon-element.mw-ui-icon-wikimedia-edit-base20.edit-page.mw-ui-icon-flush-right
span.last-modified-bar__icon.mw-ui-icon.mw-ui-icon-mw-ui-icon-small.mw-ui-icon-wikimedia-history-base20
span.mw-ui-icon.mw-ui-icon-small.mw-ui-icon-mf-expand-gray.mf-mw-ui-icon-rotate-anti-clockwise.indicator
