---
source: crates/html/src/css/parse.rs
expression: diagnosis
---
[4md[0miv#header.blue > p, [4mh[0m1.title + span  a:first-child.link [4mi[0mnput[type="text"][4mi[0mmg
│                    │                                   │                 └─── Unexpected alphabetic character at 75
│                    │                                   └───────────────────── Failed to parse relative selector at 57
│                    └───────────────────────────────────────────────────────── Failed to parse complex selector at 21
└────────────────────────────────────────────────────────────────────────────── Failed to parse selector list at 0
